NOTICE:  BL2: v2.5(release):v2.5/rzg2l-1.00-33-g1939ffd72-dirty
NOTICE:  BL2: Built : 10:42:16, Feb 18 2022
NOTICE:  BL2: Booting BL31
NOTICE:  BL31: v2.5(release):v2.5/rzg2l-1.00-33-g1939ffd72-dirty
NOTICE:  BL31: Built : 10:42:16, Feb 18 2022


U-Boot 2020.10 (Feb 21 2022 - 06:01:07 +0000)

CPU: Renesas Electronics E rev 16.15
Model: smarc-rzg2l
DRAM:  1.9 GiB
MMC:   sh-sdhi: 0, sh-sdhi: 1
Loading Environment from MMC... OK
In:    serial@1004b800
Out:   serial@1004b800
Err:   serial@1004b800
Net:   eth0: ethernet@11c20000
Hit any key to stop autoboot:  0 
=> printenv
baudrate=115200
bootargs=root=/dev/nfs rw ip=192.168.32.13:::::eth0 nfsroot=192.168.32.2:/srv/nfs/rootfs/g2l-pyrotux,nfsvers=3,tcp no_console_suspend
bootcmd=setenv ethaddr d2:7b:7f:8f:d8:52; setenv eth1addr d2:7b:7f:8f:d8:52; setenv ipaddr 192.168.32.3; setenv serverip 192.168.32.2; tftp 0x4B080000 g2l/Image.gz; unzip 0x4B080000 0x48080000; tftp 0x48000000 g2l/r9a07g044l2-smarc.dtb; booti 0x48080000 - 0x48000000
bootcmd_check=if mmc dev 1; then run sd0load; else run emmcload; fi 
bootdelay=2
bootimage=unzip 0x4A080000 0x48080000; booti 0x48080000 - 0x48000000 
bootm_size=0x10000000 
emmcload=ext4load mmc 0:1 0x4A080000 boot/Image.gz;ext4load mmc 0:1 0x48000000 boot/r9a07g044l2-smarc.dtb;run prodemmcbootargs 
eth0addr=d2:7b:7f:8f:d8:52
eth1addr=d2:7b:7f:8f:d8:52
ethact=ethernet@11c20000
ethaddr=d2:7b:7f:8f:d8:52
fdtcontroladdr=bbf3c050
ipaddr=192.168.32.3
load_images=fatload mmc 0:1 0x4A080000 Image.gz;fatload mmc 0:1 0x48000000 r9a07g044l2-smarc.dtb 
loadaddr=0x58000000
move_dtb=mmc dev 1;ext4load mmc 1:1 0x48080000 boot/r9a07g044l2-smarc.dtb; mmc dev 0;fatwrite mmc 0:1 0x48080000 r9a07g044l2-smarc.dtb $filesize 
move_image=mmc dev 1;ext4load mmc 1:1 0x48080000 boot/Image.gz; mmc dev 0;fatwrite mmc 0:1 0x48080000 Image.gz $filesize 
platform=e
prodemmcbootargs=setenv bootargs rw rootwait earlycon root=/dev/mmcblk0p1 
prodsdbootargs=setenv bootargs rw rootwait earlycon root=/dev/mmcblk1p1 
sd0load=run select_sdhi0;run move_image;run move_dtb;run load_images;run select_emmc;run prodsdbootargs 
select_emmc=mw.b 0x11030039 0x02; mmc rescan 
select_sdhi0=mw.b 0x11030039 0x00; mmc rescan 
serverip=192.168.32.2
stderr=serial@1004b800
stdin=serial@1004b800
stdout=serial@1004b800
ver=U-Boot 2020.10 (Feb 21 2022 - 06:01:07 +0000)

Environment size: 1752/131068 bytes
=> boot
Using ethernet@11c20000 device
TFTP from server 192.168.32.2; our IP address is 192.168.32.3
Filename 'g2l/Image.gz'.
Load address: 0x4b080000
Loading: #################################################################
         #################################################################
         #################################################################
         #################################################################
         #################################################################
         #################################################################
         #################################################################
         #################################################################
         #################################################################
         #################################################################
         #################################################################
         #################################################################
         #################################################################
         #################################################################
         #################################################################
         #################################################################
         ####
         12.9 MiB/s
done
Bytes transferred = 15322303 (e9ccbf hex)
Uncompressed size: 50924032 = 0x3090A00
Using ethernet@11c20000 device
TFTP from server 192.168.32.2; our IP address is 192.168.32.3
Filename 'g2l/r9a07g044l2-smarc.dtb'.
Load address: 0x48000000
Loading: ###
         9.8 MiB/s
done
Bytes transferred = 41302 (a156 hex)
Moving Image from 0x48080000 to 0x48200000, end=4b360000
## Flattened Device Tree blob at 48000000
   Booting using the fdt blob at 0x48000000
   Loading Device Tree to 0000000057ff2000, end 0000000057fff155 ... OK

Starting kernel ...

[    0.000000] Booting Linux on physical CPU 0x0000000000 [0x412fd050]
[    0.000000] Linux version 7.1.0-rc7-next-20260610-00001-gafe09f11d549 (claudiu@claudiu-X670E-Pro-RS) (aarch64-none-linux-gnu-gcc (GNU Toolchain for the A-profile Architecture 10.3-2021.07 (arm-10.29)) 10.3.1 20210621, GNU ld (GNU Toolchain for the A-profile Architecture 10.3-2021.07 (arm-10.29)) 2.36.1.20210621) #103 SMP PREEMPT Mon Jun 15 14:34:55 EEST 2026
[    0.000000] KASLR disabled due to lack of seed
[    0.000000] Machine model: Renesas SMARC EVK based on r9a07g044l2
[    0.000000] efi: UEFI not found.
[    0.000000] OF: reserved mem: Reserved memory: No reserved-memory node in the DT
[    0.000000] NUMA: Faking a node at [mem 0x0000000048000000-0x00000000bfffffff]
[    0.000000] NODE_DATA(0) allocated [mem 0xbfc07c40-0xbfc0a2ff]
[    0.000000] cma: Reserved 32 MiB at 0x00000000bdc00000
[    0.000000] psci: probing for conduit method from DT.
[    0.000000] psci: PSCIv1.1 detected in firmware.
[    0.000000] psci: Using standard PSCI v0.2 function IDs
[    0.000000] psci: MIGRATE_INFO_TYPE not supported.
[    0.000000] psci: SMC Calling Convention v1.2
[    0.000000] Zone ranges:
[    0.000000]   DMA      [mem 0x0000000048000000-0x00000000bfffffff]
[    0.000000]   DMA32    empty
[    0.000000]   Normal   empty
[    0.000000] Movable zone start for each node
[    0.000000] Early memory node ranges
[    0.000000]   node   0: [mem 0x0000000048000000-0x00000000bfffffff]
[    0.000000] Initmem setup node 0 [mem 0x0000000048000000-0x00000000bfffffff]
[    0.000000] percpu: Embedded 26 pages/cpu s67416 r8192 d30888 u106496
[    0.000000] Detected VIPT I-cache on CPU0
[    0.000000] CPU features: detected: GICv3 CPU interface
[    0.000000] CPU features: detected: ARM errata 1165522, 1319367, or 1530923
[    0.000000] alternatives: applying boot alternatives
[    0.000000] Kernel command line: root=/dev/nfs rw ip=192.168.32.13:::::eth0 nfsroot=192.168.32.2:/srv/nfs/rootfs/g2l-pyrotux,nfsvers=3,tcp no_console_suspend
[    0.000000] printk: log buffer data + meta data: 131072 + 458752 = 589824 bytes
[    0.000000] Dentry cache hash table entries: 262144 (order: 9, 2097152 bytes, linear)
[    0.000000] Inode-cache hash table entries: 131072 (order: 8, 1048576 bytes, linear)
[    0.000000] software IO TLB: SWIOTLB bounce buffer size adjusted to 1MB
[    0.000000] software IO TLB: area num 2.
[    0.000000] software IO TLB: mapped [mem 0x00000000bb800000-0x00000000bba00000] (2MB)
[    0.000000] Fallback order for Node 0: 0 
[    0.000000] Built 1 zonelists, mobility grouping on.  Total pages: 491520
[    0.000000] Policy zone: DMA
[    0.000000] mem auto-init: stack:off, heap alloc:off, heap free:off
[    0.000000] SLUB: HWalign=64, Order=0-3, MinObjects=0, CPUs=2, Nodes=1
[    0.000000] rcu: Preemptible hierarchical RCU implementation.
[    0.000000] rcu:     RCU event tracing is enabled.
[    0.000000] rcu:     RCU restricting CPUs from NR_CPUS=512 to nr_cpu_ids=2.
[    0.000000]  Trampoline variant of Tasks RCU enabled.
[    0.000000]  Tracing variant of Tasks RCU enabled.
[    0.000000] rcu: RCU calculated value of scheduler-enlistment delay is 25 jiffies.
[    0.000000] rcu: Adjusting geometry for rcu_fanout_leaf=16, nr_cpu_ids=2
[    0.000000] RCU Tasks: Setting shift to 1 and lim to 1 rcu_task_cb_adjust=1 rcu_task_cpu_ids=2.
[    0.000000] NR_IRQS: 64, nr_irqs: 64, preallocated irqs: 0
[    0.000000] GICv3: 480 SPIs implemented
[    0.000000] GICv3: 0 Extended SPIs implemented
[    0.000000] Root IRQ handler: gic_handle_irq
[    0.000000] GICv3: GICv3 features: 16 PPIs
[    0.000000] GICv3: GICD_CTLR.DS=0, SCR_EL3.FIQ=0
[    0.000000] GICv3: CPU0: found redistributor 0 region 0:0x0000000011940000
[    0.000000] rcu: srcu_init: Setting srcu_struct sizes based on contention.
[    0.000000] arch_timer: cp15 timer running at 24.00MHz (virt).
[    0.000000] clocksource: arch_sys_counter: mask: 0xffffffffffffff max_cycles: 0x588fe9dc0, max_idle_ns: 440795202592 ns
[    0.000004] sched_clock: 56 bits at 24MHz, resolution 41ns, wraps every 4398046511097ns
[    0.002237] Console: colour dummy device 80x25
[    0.002306] printk: legacy console [tty0] enabled
[    0.006252] Calibrating delay loop (skipped), value calculated using timer frequency.. 48.00 BogoMIPS (lpj=96000)
[    0.006443] pid_max: default: 32768 minimum: 301
[    0.007958] Mount-cache hash table entries: 4096 (order: 3, 32768 bytes, linear)
[    0.008286] Mountpoint-cache hash table entries: 4096 (order: 3, 32768 bytes, linear)
[    0.010223] VFS: Finished mounting rootfs on nullfs
[    0.022759] rcu: Hierarchical SRCU implementation.
[    0.022916] rcu:     Max phase no-delay instances is 1000.
[    0.024794] Timer migration: 1 hierarchy levels; 8 children per group; 1 crossnode level
[    0.033153] Detected Renesas RZ/G2L r9a07g044 Rev 4
[    0.041082] EFI services will not be available.
[    0.042470] smp: Bringing up secondary CPUs ...
[    0.046461] Detected VIPT I-cache on CPU1
[    0.046968] GICv3: CPU1: found redistributor 100 region 0:0x0000000011960000
[    0.047150] CPU1: Booted secondary processor 0x0000000100 [0x412fd050]
[    0.047930] smp: Brought up 1 node, 2 CPUs
[    0.048273] SMP: Total of 2 processors activated.
[    0.048357] CPU: All CPU(s) started at EL1
[    0.048558] CPU features: detected: 32-bit EL0 Support
[    0.048653] CPU features: detected: 32-bit EL1 Support
[    0.048745] CPU features: detected: Data cache clean to the PoU not required for I/D coherence
[    0.048862] CPU features: detected: Common not Private translations
[    0.048954] CPU features: detected: CRC32 instructions
[    0.049072] CPU features: detected: RCpc load-acquire (LDAPR)
[    0.049285] CPU features: detected: LSE atomic instructions
[    0.049393] CPU features: detected: Privileged Access Never
[    0.049481] CPU features: detected: PMUv3
[    0.049558] CPU features: detected: RAS Extension Support
[    0.049658] CPU features: detected: XNX
[    0.049746] CPU features: detected: Speculative Store Bypassing Safe (SSBS)
[    0.050064] alternatives: applying system-wide alternatives
[    0.068711] Memory: 1839504K/1966080K available (17280K kernel code, 5250K rwdata, 14288K rodata, 12736K init, 696K bss, 90828K reserved, 32768K cma-reserved)
[    0.073567] devtmpfs: initialized
[    0.123650] clocksource: jiffies: mask: 0xffffffff max_cycles: 0xffffffff, max_idle_ns: 7645041785100000 ns
[    0.123923] posixtimers hash table entries: 1024 (order: 2, 16384 bytes, linear)
[    0.124174] futex hash table entries: 512 (32768 bytes on 1 NUMA nodes, total 32 KiB, linear).
[    0.126401] 20128 pages in range for non-PLT usage
[    0.126475] 511648 pages in range for PLT usage
[    0.154497] DMI: not present or invalid.
[    0.176105] NET: Registered PF_NETLINK/PF_ROUTE protocol family
[    0.181439] DMA: preallocated 256 KiB GFP_KERNEL|GFP_DMA pool for atomic allocations
[    0.181846] audit: initializing netlink subsys (disabled)
[    0.183307] audit: type=2000 audit(0.164:1): state=initialized audit_enabled=0 res=1
[    0.200044] thermal_sys: Registered thermal governor 'step_wise'
[    0.200110] thermal_sys: Registered thermal governor 'power_allocator'
[    0.200865] cpuidle: using governor menu
[    0.202885] hw-breakpoint: found 6 breakpoint and 4 watchpoint registers.
[    0.203370] ASID allocator initialised with 65536 entries
[    0.239237] Serial: AMBA PL011 UART driver
[    0.275078] /soc/ssi@1004a000: Fixed dependency cycle(s) with /soc/i2c@10058400/hdmi@3d
[    0.275792] /soc/i2c@10058400/hdmi@3d: Fixed dependency cycle(s) with /soc/ssi@1004a000
[    0.276045] /soc/i2c@10058400/hdmi@3d: Fixed dependency cycle(s) with /soc/dsi@10850000
[    0.276762] /soc/dsi@10850000: Fixed dependency cycle(s) with /soc/i2c@10058400/hdmi@3d
[    0.276988] /soc/dsi@10850000: Fixed dependency cycle(s) with /soc/display@10890000
[    0.277354] /soc/display@10890000: Fixed dependency cycle(s) with /soc/dsi@10850000
[    0.278011] /soc/interrupt-controller@11900000: Fixed dependency cycle(s) with /soc/interrupt-controller@11900000
[    0.287326] /soc/ssi@1004a000: Fixed dependency cycle(s) with /soc/i2c@10058400/hdmi@3d
[    0.312058] /soc/i2c@10058400/hdmi@3d: Fixed dependency cycle(s) with /soc/ssi@1004a000
[    0.312746] /soc/i2c@10058400/hdmi@3d: Fixed dependency cycle(s) with /soc/dsi@10850000
[    0.334672] /soc/i2c@10058400/hdmi@3d: Fixed dependency cycle(s) with /soc/dsi@10850000
[    0.335436] /soc/dsi@10850000: Fixed dependency cycle(s) with /soc/i2c@10058400/hdmi@3d
[    0.335680] /soc/dsi@10850000: Fixed dependency cycle(s) with /soc/display@10890000
[    0.347434] /soc/dsi@10850000: Fixed dependency cycle(s) with /soc/display@10890000
[    0.348182] /soc/display@10890000: Fixed dependency cycle(s) with /soc/dsi@10850000
[    0.362576] /soc/pinctrl@11030000: Fixed dependency cycle(s) with /soc/pinctrl@11030000/sound_clk
[    0.479806] /soc/i2c@10058400/hdmi@3d: Fixed dependency cycle(s) with /hdmi-out
[    0.480574] /hdmi-out: Fixed dependency cycle(s) with /soc/i2c@10058400/hdmi@3d
[    0.492305] HugeTLB: registered 1.00 GiB page size, pre-allocated 0 pages
[    0.492477] HugeTLB: 0 KiB vmemmap can be freed for a 1.00 GiB page
[    0.492590] HugeTLB: registered 32.0 MiB page size, pre-allocated 0 pages
[    0.492687] HugeTLB: 0 KiB vmemmap can be freed for a 32.0 MiB page
[    0.492792] HugeTLB: registered 2.00 MiB page size, pre-allocated 0 pages
[    0.492888] HugeTLB: 0 KiB vmemmap can be freed for a 2.00 MiB page
[    0.492990] HugeTLB: registered 64.0 KiB page size, pre-allocated 0 pages
[    0.493084] HugeTLB: 0 KiB vmemmap can be freed for a 64.0 KiB page
[    0.509300] ACPI: Interpreter disabled.
[    0.558347] iommu: Default domain type: Translated
[    0.558498] iommu: DMA domain TLB invalidation policy: strict mode
[    0.560716] SCSI subsystem initialized
[    0.563587] usbcore: registered new interface driver usbfs
[    0.564262] usbcore: registered new interface driver hub
[    0.564577] usbcore: registered new device driver usb
[    0.576381] pps_core: LinuxPPS API ver. 1 registered
[    0.576517] pps_core: Software ver. 5.3.6 - Copyright 2005-2007 Rodolfo Giometti <giometti@linux.it>
[    0.576720] PTP clock support registered
[    0.578431] EDAC MC: Ver: 3.0.0
[    0.581155] scmi_core: SCMI protocol bus registered
[    0.593604] FPGA manager framework
[    0.601526] vgaarb: loaded
[    0.604763] clocksource: Switched to clocksource arch_sys_counter
[    0.606424] VFS: Disk quotas dquot_6.6.0
[    0.606641] VFS: Dquot-cache hash table entries: 512 (4096 bytes)
[    0.609533] pnp: PnP ACPI: disabled
[    0.665289] NET: Registered PF_INET protocol family
[    0.666271] IP idents hash table entries: 32768 (order: 6, 262144 bytes, linear)
[    0.677768] tcp_listen_portaddr_hash hash table entries: 1024 (order: 2, 16384 bytes, linear)
[    0.678050] Table-perturb hash table entries: 65536 (order: 6, 262144 bytes, linear)
[    0.678238] TCP established hash table entries: 16384 (order: 5, 131072 bytes, linear)
[    0.679078] TCP bind hash table entries: 16384 (order: 7, 524288 bytes, linear)
[    0.681136] TCP: Hash tables configured (established 16384 bind 16384)
[    0.681657] UDP hash table entries: 1024 (order: 4, 65536 bytes, linear)
[    0.682755] NET: Registered PF_UNIX/PF_LOCAL protocol family
[    0.685768] RPC: Registered named UNIX socket transport module.
[    0.685946] RPC: Registered udp transport module.
[    0.686034] RPC: Registered tcp transport module.
[    0.686114] RPC: Registered tcp-with-tls transport module.
[    0.686200] RPC: Registered tcp NFSv4.1 backchannel transport module.
[    0.686328] PCI: CLS 0 bytes, default 64
[    0.687846] kvm [1]: HYP mode not available
[    0.693862] Initialise system trusted keyrings
[    0.695177] workingset: timestamp_bits=42 (anon: 37) max_order=19 bucket_order=0 (anon: 0)
[    0.697916] squashfs: version 4.0 (2009/01/31) Phillip Lougher
[    0.700085] NFS: Registering the id_resolver key type
[    0.700340] Key type id_resolver registered
[    0.700439] Key type id_legacy registered
[    0.700653] nfs4filelayout_init: NFSv4 File Layout Driver Registering...
[    0.700910] nfs4flexfilelayout_init: NFSv4 Flexfile Layout Driver Registering...
[    0.703519] Key type asymmetric registered
[    0.703670] Asymmetric key parser 'x509' registered
[    0.704148] Block layer SCSI generic (bsg) driver version 0.4 loaded (major 243)
[    0.704291] io scheduler mq-deadline registered
[    0.704400] io scheduler kyber registered
[    0.704684] io scheduler bfq registered
[    0.877844] ledtrig-cpu: registered to indicate activity on CPUs
[    1.445686] Serial: 8250/16550 driver, 4 ports, IRQ sharing enabled
[    1.493079] msm_serial: driver initialized
[    1.501044] SuperH (H)SCI(F) driver initialized
[    1.505347] STM32 USART driver initialized
[    1.591540] loop: module loaded
[    1.606707] megasas: 07.734.00.00-rc1
[    1.694839] tun: Universal TUN/TAP device driver, 1.6
[    1.703829] VFIO - User Level meta-driver version: 0.3
[    1.767034] usbcore: registered new interface driver usb-storage
[    1.823656] i2c_dev: i2c /dev entries driver
[    2.062135] SMCCC: SOC_ID: ARCH_SOC_ID not implemented, skipping ....
[    2.067838] clocksource: timer@12801400: mask: 0xffffffff max_cycles: 0xffffffff, max_idle_ns: 19112604467 ns
[    2.068067] sched_clock: 32 bits at 100MHz, resolution 10ns, wraps every 21474836475ns
[    2.068212] /soc/timer@12801400: used for clocksource
[    2.070022] /soc/timer@12801800: used for clock events
[    2.084055] usbcore: registered new interface driver usbhid
[    2.084208] usbhid: USB HID core driver
[    2.142697] hw perfevents: enabled with armv8_cortex_a55 PMU driver, 7 (0,8000003f) counters available
[    2.233521] NET: Registered PF_INET6 protocol family
[    2.238874] Segment Routing with IPv6
[    2.238960] In-situ OAM (IOAM) with IPv6
[    2.239038] NET: Registered PF_PACKET protocol family
[    2.239131] Key type dns_resolver registered
[    2.283811] registered taskstats version 1
[    2.283998] Loading compiled-in X.509 certificates
[    2.294597] Demotion targets for Node 0: null
[    2.306122] pinctrl-rzg2l 11030000.pinctrl: pinctrl-rzg2l support registered
[    2.322600] 1004b800.serial: ttySC0 at MMIO 0x1004b800 (irq = 36, base_baud = 0) is a scif
[    2.322746] printk: legacy console [ttySC0] enabled
[    3.594488] 1004c000.serial: ttySC1 at MMIO 0x1004c000 (irq = 41, base_baud = 0) is a scif
[    3.610829] ravb 11c20000.ethernet eth0: Base address at 0x11c20000, d2:7b:7f:8f:d8:52, IRQ 45.
[    3.627460] ravb 11c30000.ethernet eth1: Base address at 0x11c30000, d2:7b:7f:8f:d8:52, IRQ 47.
[    3.661008] i2c-riic 10058000.i2c: registered with 100000Hz bus speed
[    3.663596] ehci-platform 11c50100.usb: EHCI Host Controller
[    3.673135] ehci-platform 11c70100.usb: EHCI Host Controller
[    3.673174] ehci-platform 11c70100.usb: new USB bus registered, assigned bus number 1
[    3.682135] ohci-platform 11c50000.usb: Generic Platform OHCI controller
[    3.689252] /hdmi-out: Fixed dependency cycle(s) with /soc/i2c@10058400/hdmi@3d
[    3.697074] ehci-platform 11c50100.usb: new USB bus registered, assigned bus number 2
[    3.700933] ehci-platform 11c70100.usb: irq 55, io mem 0x11c70100
[    3.708657] ohci-platform 11c50000.usb: new USB bus registered, assigned bus number 3
[    3.714711] /soc/dsi@10850000: Fixed dependency cycle(s) with /soc/i2c@10058400/hdmi@3d
[    3.722511] ehci-platform 11c50100.usb: irq 49, io mem 0x11c50100
[    3.730485] /soc/ssi@1004a000: Fixed dependency cycle(s) with /soc/i2c@10058400/hdmi@3d
[    3.736556] ohci-platform 11c50000.usb: irq 56, io mem 0x11c50000
[    3.744452] ehci-platform 11c70100.usb: USB 2.0 started, EHCI 1.10
[    3.750616] /soc/i2c@10058400/hdmi@3d: Fixed dependency cycle(s) with /soc/ssi@1004a000
[    3.764693] ehci-platform 11c50100.usb: USB 2.0 started, EHCI 1.10
[    3.770969] /soc/i2c@10058400/hdmi@3d: Fixed dependency cycle(s) with /hdmi-out
[    3.778380] /soc/i2c@10058400/hdmi@3d: Fixed dependency cycle(s) with /soc/dsi@10850000
[    3.786910] hub 1-0:1.0: USB hub found
[    3.787083] ohci-platform 11c70000.usb: Generic Platform OHCI controller
[    3.790823] hub 1-0:1.0: 1 port detected
[    3.797650] i2c-riic 10058400.i2c: registered with 100000Hz bus speed
[    3.802582] hub 2-0:1.0: USB hub found
[    3.811673] hub 2-0:1.0: 1 port detected
[    3.816463] ohci-platform 11c70000.usb: new USB bus registered, assigned bus number 4
[    3.824636] ohci-platform 11c70000.usb: irq 62, io mem 0x11c70000
[    3.833165] i2c-riic 10058c00.i2c: registered with 400000Hz bus speed
[    3.857822] hub 3-0:1.0: USB hub found
[    3.861675] hub 3-0:1.0: 1 port detected
[    3.902208] renesas_sdhi_internal_dmac 11c00000.mmc: mmc0 base at 0x0000000011c00000, max clock rate 133 MHz
[    3.912099] renesas_sdhi_internal_dmac 11c10000.mmc: mmc1 base at 0x0000000011c10000, max clock rate 133 MHz
[    3.917259] hub 4-0:1.0: USB hub found
[    3.925779] hub 4-0:1.0: 1 port detected
[    3.986413] mmc0: new HS200 MMC card at address 0001
[    3.992314] mmcblk0: mmc0:0001 0IM20F 59.3 GiB
[    3.998836] Microchip KSZ9131 Gigabit PHY 11c20000.ethernet-ffffffff:07: attached PHY driver (mii_bus:phy_addr=11c20000.ethernet-ffffffff:07, irq=46)
[    4.003718] mmcblk0boot0: mmc0:0001 0IM20F 31.5 MiB
[    4.021892] mmcblk0boot1: mmc0:0001 0IM20F 31.5 MiB
[    4.030820] mmcblk0rpmb: mmc0:0001 0IM20F 4.00 MiB, chardev (510:0)
[    7.301131] ravb 11c20000.ethernet eth0: Link is Up - 1Gbps/Full - flow control off
[    7.324935] IP-Config: Guessing netmask 255.255.255.0
[    7.330274] IP-Config: Complete:
[    7.333665]      device=eth0, hwaddr=d2:7b:7f:8f:d8:52, ipaddr=192.168.32.13, mask=255.255.255.0, gw=255.255.255.255
[    7.344418]      host=192.168.32.13, domain=, nis-domain=(none)
[    7.350504]      bootserver=255.255.255.255, rootserver=192.168.32.2, rootpath=
[    7.351426] clk: Disabling unused clocks
[    7.363636] PM: genpd: Disabling unused power domains
[    8.397672] VFS: Mounted root (nfs filesystem) on device 0:23.
[    8.405181] devtmpfs: mounted
[    8.409141] VFS: Pivoted into new rootfs
[    8.432848] Freeing unused kernel memory: 12736K
[    8.437938] Run /sbin/init as init process
[    8.706179] systemd[1]: System time before build time, advancing clock.
[    8.803471] systemd[1]: systemd 255.21^ running in system mode (+PAM -AUDIT -SELINUX -APPARMOR +IMA -SMACK +SECCOMP -GCRYPT -GNUTLS -OPENSSL +ACL +BLKID -CURL -ELFUTILS -FIDO2 -IDN2 -IDN -IPTC +KMOD -LIBCRYPTSETUP +LIBFDISK -PCRE2 -PWQUALITY -P11KIT -QRENCODE -TPM2 -BZIP2 -LZ4 -XZ -ZLIB +ZSTD -BPF_FRAMEWORK +XKBCOMMON +UTMP +SYSVINIT default-hierarchy=unified)
[    8.835529] systemd[1]: Detected architecture arm64.

Welcome to Poky (Yocto Project Reference Distro) 5.0.11 (scarthgap)!

[    8.860943] systemd[1]: Hostname set to <smarc-rzg2l>.
[    9.722231] systemd[1]: Queued start job for default target Graphical Interface.
[    9.772879] systemd[1]: Created slice Slice /system/getty.
[  OK  ] Created slice Slice /system/getty.
[    9.791153] systemd[1]: Created slice Slice /system/modprobe.
[  OK  ] Created slice Slice /system/modprobe.
[    9.811240] systemd[1]: Created slice Slice /system/serial-getty.
[  OK  ] Created slice Slice /system/serial-getty.
[    9.830647] systemd[1]: Created slice User and Session Slice.
[  OK  ] Created slice User and Session Slice.
[    9.849390] systemd[1]: Started Dispatch Password Requests to Console Directory Watch.
[  OK  ] Started Dispatch Password Requests to Console Directory Watch.
[    9.873337] systemd[1]: Started Forward Password Requests to Wall Directory Watch.
[  OK  ] Started Forward Password Requests to Wall Directory Watch.
[    9.893197] systemd[1]: Reached target Host and Network Name Lookups.
[  OK  ] Reached target Host and Network Name Lookups.
[    9.913091] systemd[1]: Reached target Path Units.
[  OK  ] Reached target Path Units.
[    9.929117] systemd[1]: Reached target Remote File Systems.
[  OK  ] Reached target Remote File Systems.
[    9.945102] systemd[1]: Reached target Slice Units.
[  OK  ] Reached target Slice Units.
[    9.961132] systemd[1]: Reached target Swaps.
[  OK  ] Reached target Swaps.
[   10.023370] systemd[1]: Listening on RPCbind Server Activation Socket.
[  OK  ] Listening on RPCbind Server Activation Socket.
[   10.045273] systemd[1]: Reached target RPC Port Mapper.
[  OK  ] Reached target RPC Port Mapper.
[   10.068838] systemd[1]: syslog.socket: SO_PASSSEC failed: Operation not supported
[   10.076569] systemd[1]: Listening on Syslog Socket.
[  OK  ] Listening on Syslog Socket.
[   10.093847] systemd[1]: Listening on initctl Compatibility Named Pipe.
[  OK  ] Listening on initctl Compatibility Named Pipe.
[   10.115818] systemd[1]: Listening on Journal Audit Socket.
[  OK  ] Listening on Journal Audit Socket.
[   10.134038] systemd[1]: systemd-journald-dev-log.socket: SO_PASSSEC failed: Operation not supported
[   10.143568] systemd[1]: Listening on Journal Socket (/dev/log).
[  OK  ] Listening on Journal Socket (/dev/log).
[   10.162149] systemd[1]: systemd-journald.socket: SO_PASSSEC failed: Operation not supported
[   10.171115] systemd[1]: systemd-journald.socket: SO_PASSSEC failed: Operation not supported
[   10.179731] systemd[1]: Listening on Journal Socket.
[  OK  ] Listening on Journal Socket.
[   10.199256] systemd[1]: Listening on Network Service Netlink Socket.
[  OK  ] Listening on Network Service Netlink Socket.
[   10.220540] systemd[1]: Listening on udev Control Socket.
[  OK  ] Listening on udev Control Socket.
[   10.238296] systemd[1]: Listening on udev Kernel Socket.
[  OK  ] Listening on udev Kernel Socket.
[   10.259076] systemd[1]: Listening on User Database Manager Socket.
[  OK  ] Listening on User Database Manager Socket.
[   10.297458] systemd[1]: Mounting Huge Pages File System...
         Mounting Huge Pages File System...
[   10.320801] systemd[1]: Mounting POSIX Message Queue File System...
         Mounting POSIX Message Queue File System...
[   10.357221] systemd[1]: Mounting Kernel Debug File System...
         Mounting Kernel Debug File System...
[   10.381794] systemd[1]: Kernel Trace File System was skipped because of an unmet condition check (ConditionPathExists=/sys/kernel/tracing).
[   10.425521] systemd[1]: Mounting Temporary Directory /tmp...
         Mounting Temporary Directory /tmp...
[   10.443697] systemd[1]: Starting Create List of Static Device Nodes...
         Starting Create List of Static Device Nodes...
[   10.490246] systemd[1]: Starting Load Kernel Module configfs...
         Starting Load Kernel Module configfs...
[   10.528255] systemd[1]: Starting Load Kernel Module drm...
         Starting Load Kernel Module drm...
[   10.581773] systemd[1]: Starting Load Kernel Module fuse...
         Starting Load Kernel Module fuse...
[   10.599404] systemd[1]: Starting Start psplash boot splash screen...
         Starting Start psplash boot splash screen...
[   10.644268] systemd[1]: Starting RPC Bind...
         Starting RPC Bind...
[   10.663169] systemd[1]: File System Check on Root Device was skipped because of an unmet condition check (ConditionPathIsReadWrite=!/).
[   10.750665] fuse: init (API version 7.45)
[   10.756791] random: crng init done
[   10.791633] systemd[1]: Starting Journal Service...
         Starting Journal Service...
[   10.847683] systemd[1]: Load Kernel Modules was skipped because no trigger condition checks were met.
[   10.901085] systemd[1]: Starting Generate network units from Kernel command line...
         Starting Generate network units from Kernel command line...
[   10.957619] systemd[1]: Starting Remount Root and Kernel File Systems...
         Starting Remount Root and Kernel File Systems...
[   11.029732] systemd[1]: Starting Apply Kernel Variables...
         Starting Apply Kernel Variables...
[   11.064357] systemd[1]: Starting Coldplug All udev Devices...
         Starting Coldplug All udev Devices...
[   11.110768] systemd[1]: Started RPC Bind.
[  OK  ] Started RPC Bind.
[   11.138435] systemd[1]: Mounted Huge Pages File System.
[  OK  ] Mounted    11.148543] systemd-journald[118]: Collecting audit messages is enabled.
1;39mHuge Pages File System.
[   11.167591] systemd[1]: Mounted POSIX Message Queue File System.
[  OK  ] Mounted POSIX Message Queue File System.
[   11.199216] systemd[1]: Mounted Kernel Debug File System.
[  OK  ] Mounted Kernel Debug File System.
[   11.231295] systemd[1]: Mounted Temporary Directory /tmp.
[  OK  ] Mounted Temporary Directory /tmp.
[   11.263017] systemd[1]: Finished Create List of Static Device Nodes.
[  OK  ] Finished Create List of Static Device Nodes.
[   11.289914] systemd[1]: Started Journal Service.
[  OK  ] Started Journal Service.
[  OK  ] Finished Load Kernel Module configfs.
[  OK  ] Finished Load Kernel Module drm.
[  OK  ] Finished Load Kernel Module fuse.
[FAILED] Failed to start Start psplash boot splash screen.
See 'systemctl status psplash-start.service' for details.
[DEPEND] Dependency failed for Start psplas…temd progress communication helper.
[FAILED] Failed to start Generate network units from Kernel command line.
See 'systemctl status systemd-network-generator.service' for details.
[  OK  ] Finished Remount Root and Kernel File Systems.
[  OK  ] Finished Apply Kernel Variables.
         Mounting FUSE Control File System...
         Mounting Kernel Configuration File System...
         Starting Flush Journal to Persistent Storage...
         Starting Create Static Device Nodes in /dev gracefully...
[  OK  ] Mounted FUSE Control File System.
[  OK  ] Mounted Kernel Configuration File System.
[   11.839897] systemd-journald[118]: Received client request to flush runtime journal.
[  OK  ] Finished Flush Journal to Persistent Storage.
[  OK  ] Finished Create Static Device Nodes in /dev gracefully.
         Starting Create Static Device Nodes in /dev...
[  OK  ] Finished Create Static Device Nodes in /dev.
[  OK  ] Reached target Preparation for Local File Systems.
         Mounting /var/volatile...
[   12.236173] audit: type=1334 audit(1748544505.524:2): prog-id=6 op=LOAD
[   12.252894] audit: type=1334 audit(1748544505.536:3): prog-id=7 op=LOAD
         Starting Rule-based Manager for Device Events and Files...
[  OK  ] Mounted /var/volatile.
         Starting Load/Save OS Random Seed...
[  OK  ] Reached target Local File Systems.
         Starting Create System Files and Directories...
[  OK  ] Finished Load/Save OS Random Seed.
[  OK  ] Started Rule-based Manager for Device Events and Files.
[  OK  ] Finished Create System Files and Directories.
[   13.084104] audit: type=1334 audit(1748544506.372:4): prog-id=8 op=LOAD
[FAILED] Failed to start Network Time Synchronization.
[   13.125534] audit: type=1334 audit(1748544506.416:5): prog-id=8 op=UNLOAD
See 'systemctl status systemd-timesyncd.service' for details.
[  OK  ] Reached target System Time Set.
         Starting Record System Boot/Shutdown in UTMP...
[   13.203474] audit: type=1334 audit(1748544506.492:6): prog-id=9 op=LOAD
[FAILED] Failed to start Network Time Synchronization.
See 'systemctl status systemd-timesyncd.service' for det[   13.269138] audit: type=1334 audit(1748544506.560:7): prog-id=9 op=UNLOAD
ails.
[   13.298703] audit: type=1334 audit(1748544506.588:8): prog-id=10 op=LOAD
[FAILED] Failed to start Network Time Synchronization.
[   13.341554] audit: type=1334 audit(1748544506.632:9): prog-id=10 op=UNLOAD
See 'systemctl status systemd-timesyncd.service' for details.
[   13.382502] audit: type=1334 audit(1748544506.668:10): prog-id=11 op=LOAD
[FAILED] Failed to start Network Time Synchronization.
See 'systemctl status systemd-timesyncd.service' for det[   13.421151] audit: type=1334 audit(1748544506.712:11): prog-id=11 op=UNLOAD
ails.
[  OK  ] Finished Record System Boot/Shutdown in UTMP.
[FAILED] Failed to start Network Time Synchronization.
See 'systemctl status systemd-timesyncd.service' for details.
[FAILED] Failed to start Network Time Synchronization.
See 'systemctl status systemd-timesyncd.service' for details.
[  OK  ] Finished Coldplug All udev Devices.
[  OK  ] Reached target System Initialization.
[  OK  ] Started Daily Cleanup of Temporary Directories.
[  OK  ] Reached target Timer Units.
[  OK  ] Listening on Avahi mDNS/DNS-SD Stack Activation Socket.
[  OK  ] Listening on D-Bus System Message Bus Socket.
         Starting sshd.socket...
         Starting Weston socket...
[  OK  ] Listening on Weston socket.
[  OK  ] Listening on sshd.socket.
[  OK  ] Reached target Socket Units.
[  OK  ] Reached target Basic System.
[  OK  ] Started Kernel Logging Service.
[  OK  ] Started System Logging Service.
         Starting D-Bus System Message Bus...
         Starting IPv6 Packet Filtering Framework...
         Starting IPv4 Packet Filtering Framework...
         Starting Telephony service...
[FAILED] Failed to start User Login Management.
See 'systemctl status systemd-logind.service' for details.
         Starting OpenSSH Key Generation...
[  OK  ] Finished IPv6 Packet Filtering Framework.
[  OK  ] Finished IPv4 Packet Filtering Framework.
[  OK  ] Reached target Preparation for Network.
         Starting Load Kernel Module drm...
         Starting Network Configuration...
         Starting User Database Manager...
[  OK  ] Finished Load Kernel Module drm.
[FAILED] Failed to start User Login Management.
See 'systemctl status systemd-logind.service' for details.
         Starting Load Kernel Module drm...
[  OK  ] Finished OpenSSH Key Generation.
[  OK  ] Finished Load Kernel Module drm.
[FAILED] Failed to start User Login Management.
See 'systemctl status systemd-logind.service' for details.
         Starting Load Kernel Module drm...
[  OK  ] Started User Database Manager.
[  OK  ] Finished Load Kernel Module drm.
[FAILED] Failed to start User Login Management.
See 'systemctl status systemd-logind.service' for details.
         Starting Load Kernel Module drm...
[  OK  ] Started D-Bus System Message Bus.
         Starting Connection service...
[  OK  ] Started Telephony service.
[  OK  ] Finished Load Kernel Module drm.
[FAILED[   16.475962] Bluetooth: Core ver 2.22
] Failed to start User Login Management.
[   16.485061] NET: Registered PF_BLUETOOTH protocol family
See 'systemctl status systemd-logind.service' for details.
[   16.506004] Bluetooth: HCI device and connection manager initialized
[   16.518737] Bluetooth: HCI socket layer initialized
[   16.531126] Bluetooth: L2CAP socket layer initialized
[   16.542140] Bluetooth: SCO socket layer initialized
         Starting Load Kernel Module drm...
[  OK  ] Finished Load Kernel Module drm.
[   16.819034] cfg80211: Loading compiled-in X.509 certificates for regulatory database
[FAILED] Failed to start User Login Management.
See 'systemctl status systemd-logind.service' for details.
[   16.959671] Loaded X.509 cert 'sforshee: 00b28ddf47aef9cea7'
[   16.981405] Loaded X.509 cert 'wens: 61c038651aabdcf94bd0ac7ff06c7248db18c600'
[  OK  ] Started Connection service.
         Starting Avahi mDNS/DNS-SD Stack...
[  OK  ] Started Network Configuration.
[   17.339411] kauditd_printk_skb: 34 callbacks suppressed
[   17.339434] audit: type=1334 audit(1748544510.628:46): prog-id=32 op=LOAD
[   17.341660] Microchip KSZ9131 Gigabit PHY 11c30000.ethernet-ffffffff:07: attached PHY driver (mii_bus:phy_addr=11c30000.ethernet-ffffffff:07, irq=48)
[   17.365016] audit: type=1334 audit(1748544510.644:47): prog-id=33 op=LOAD
[   17.369783] audit: type=1334 audit(1748544510.656:48): prog-id=34 op=LOAD
[   17.406432] rzg2l-cpg 11010000.clock-controller: sync_state() pending due to 10890000.display
[FAILED] Failed to start Hostname Service.
See 'systemctl status systemd-ho[   17.435206] rzg2l-cpg 11010000.clock-controller: sync_state() pending due to 10880000.fcp
stnamed.service' for details.
[   17.464878] rzg2l-cpg 11010000.clock-controller: sync_state() pending due to 10870000.vsp
[   17.487705] rzg2l-cpg 11010000.clock-controller: sync_state() pending due to 10850000.dsi
         Starting WPA supplicant...
[   17.504903] rzg2l-cpg 11010000.clock-controller: sync_state() pending due to 10060000.spi
[   17.523125] rzg2l-cpg 11010000.clock-controller: sync_state() pending due to 10059000.adc
[   17.533858] rzg2l-cpg 11010000.clock-controller: sync_state() pending due to 10050000.can
[  OK  ] Started Ava[   17.549696] rzg2l-cpg 11010000.clock-controller: sync_state() pending due to 1004b000.spi
hi mDNS/DNS-SD Stack[   17.559892] rzg2l-cpg 11010000.clock-controller: sync_state() pending due to 1004a000.ssi
.
[   17.571865] rzg2l-cpg 11010000.clock-controller: sync_state() pending due to 10049c00.ssi
[   17.582022] rzg2l-cpg 11010000.clock-controller: sync_state() pending due to 11840000.gpu
[   17.590963] rzg2l-cpg 11010000.clock-controller: sync_state() pending due to 11c60000.usb
[   17.600020] audit: type=1334 audit(1748544510.888:49): prog-id=32 op=UNLOAD
[  OK  ] Started WPA supplicant.
[  OK  ] Reached target Network.
[   17.775870] ravb 11c30000.ethernet end1: renamed from eth1 (while UP)
         Starting Permit User Sessions...
[   17.906535] ravb 11c20000.ethernet end0: renamed from eth0 (while UP)
[  OK  ] Finished Permit User Sessions.
[  OK  ] Started Getty on tty1.
[  OK  ] Started Serial Getty on ttySC0.
[  OK  ] Reached target Login Prompts.
[  OK  ] Reached target Multi-User System.
         Starting Weston, a Wayland compositor, as a system service...
[   18.479928] audit: type=1006 audit(1748544511.768:50): pid=230 uid=0 old-auid=4294967295 auid=1000 tty=tty7 old-ses=4294967295 ses=1 res=1
[   18.504908] audit: type=1300 audit(1748544511.768:50): arch=c00000b7 syscall=64 success=yes exit=4 a0=8 a1=fffff4d41330 a2=4 a3=1 items=0 ppid=1 pid=230 auid=1000 uid=0 gid=0 euid=0 suid=0 fsuid=0 egid=0 sgid=0 fsgid=0 tty=tty7 ses=1 comm="(weston)" exe="/usr/lib/systemd/systemd-executor" key=(null)
[   18.554719] audit: type=1327 audit(1748544511.768:50): proctitle="(weston)"
[FAILED] Failed to start Weston, a Wayland compositor, as a system service.
See 'systemctl status weston.service' for details.
[  OK  ] Reached target Graphical Interface.
         Starting Record Runlevel Change in UTMP...
[  OK  ] Finished Record Runlevel Change in UTMP.

Poky (Yocto Project Reference Distro) 5.0.11 smarc-rzg2l ttySC0

smarc-rzg2l login: [   20.091743] renesas_spi 1004b000.spi: DMA available
[   20.144884] CAN device driver interface
[   20.168847] renesas_spi 1004b000.spi: probed
[   20.264461] rcar_canfd 10050000.can: can_clk rate is 50000000
[   20.301896] rcar_canfd 10050000.can: device registered (channel 0)
[   20.329268] rcar_canfd 10050000.can: can_clk rate is 50000000
[   20.361074] rtc-isl1208 3-006f: rtc power failure detected, please set clock.
[   20.383195] rcar_canfd 10050000.can: device registered (channel 1)
[   20.390652] mc: Linux media interface: v0.10
[   20.454783] rcar_canfd 10050000.can: global operational state (canfd clk, fd mode)
[   20.466985] rtc-isl1208 3-006f: registered as rtc0
[   20.503880] rtc-isl1208 3-006f: setting system clock to 2000-01-01T00:00:00 UTC (946684800)
[   20.521791] systemd-journald[118]: Time jumped backwards, rotating.
[   20.707379] videodev: Linux video capture interface: v2.00
[   20.763598] rz-ssi-pcm-audio 10049c00.ssi: DMA enabled
[   20.792015] panfrost 11840000.gpu: clock rate = 500000000
[   20.817448] rz-ssi-pcm-audio 1004a000.ssi: DMA enabled
[   20.836608] panfrost 11840000.gpu: bus_clock rate = 200000000
[   20.907014] panfrost 11840000.gpu: mali-g31 id 0x7093 major 0x0 minor 0x0 status 0x0
[   20.926158] renesas_usbhs 11c60000.usb: host probed
[   20.982729] renesas_usbhs 11c60000.usb: no transceiver found
[   21.016851] panfrost 11840000.gpu: features: 00000000,000027f7, issues: 00000000,00000400
[   21.068058] renesas_usbhs 11c60000.usb: gadget probed
[   21.079795] panfrost 11840000.gpu: Features: L2:0x070d0206 Shader:0x00000000 Tiler:0x00000209 Mem:0x1 MMU:0x00002821 AS:0xff JS:0x7
[   21.102259] renesas_usbhs 11c60000.usb: probed
[   21.143814] panfrost 11840000.gpu: shader_present=0x1 l2_present=0x1
[   21.165166] panfrost 11840000.gpu: [drm] Using Transparent Hugepage
[   21.208868] [drm] Initialized panfrost 1.6.0 for 11840000.gpu on minor 0
[   21.227790] [drm] Initialized rzg2l-du 1.0.0 for 10890000.display on minor 1
[   21.241500] rzg2l-du 10890000.display: [drm] Device 10890000.display probed
[   21.257837] rzg2l-du 10890000.display: [drm] Cannot find any crtc or sizes
[   21.266005] rzg2l-du 10890000.display: [drm] Cannot find any crtc or sizes
[   21.538582] spi-nor spi1.0: supply vcc not found, using dummy regulator
[   21.567060] spi-nor spi1.0: unrecognized JEDEC id bytes: 00 00 00 00 00 00

smarc-rzg2l login: root

WARNING: Poky is a reference Yocto Project distribution that should be used for
testing and development purposes only. It is recommended that you create your
own distribution for production use.

root@smarc-rzg2l:~# cd /sys/bus/platform/drivers/rzg
rzg2l-adc/                rzg2l-du/                 rzg2l-usb-vbus-regulator/ rzg2l_thermal/            rzg2l_wdt/                rzg3s-pcie-host/          
rzg2l-cpg/                rzg2l-mipi-dsi/           rzg2l_irqc/               rzg2l_usbphy_ctrl/        rzg3e_thermal/            
root@smarc-rzg2l:~# cd /sys/bus/platform/drivers/rzg2l
rzg2l-adc/                rzg2l-du/                 rzg2l-usb-vbus-regulator/ rzg2l_thermal/            rzg2l_wdt/                
rzg2l-cpg/                rzg2l-mipi-dsi/           rzg2l_irqc/               rzg2l_usbphy_ctrl/        
root@smarc-rzg2l:~# cd /sys/bus/platform/drivers/rzg2l_usbphy_ctrl/
root@smarc-rzg2l:/sys/bus/platform/drivers/rzg2l_usbphy_ctrl# ls -l
total 0
lrwxrwxrwx 1 root root    0 Jan  1 00:00 11c40000.usbphy-ctrl -> ../../../../devices/platform/soc/11c40000.usbphy-ctrl
--w------- 1 root root 4096 Jan  1 00:00 bind
lrwxrwxrwx 1 root root    0 Jan  1 00:00 module -> ../../../../module/reset_rzg2l_usbphy_ctrl
--w------- 1 root root 4096 May 29  2025 uevent
--w------- 1 root root 4096 Jan  1 00:00 unbind
root@smarc-rzg2l:/sys/bus/platform/drivers/rzg2l_usbphy_ctrl# cnt=300; while [ $cnt -ge 0 ]; do echo 11c40000.usbphy-ctrl > unbind ; echo 11c40000.usbphy-ctrl > bind ; cnt=$((cnt-1)); done
[   68.171206] ohci-platform 11c50000.usb: remove, state 4
[   68.176967] usb usb3: USB disconnect, device number 1
[   68.186254] ohci-platform 11c50000.usb: USB bus 3 deregistered
[   68.193584] ohci-platform 11c70000.usb: remove, state 4
[   68.199214] usb usb4: USB disconnect, device number 1
[   68.208541] ohci-platform 11c70000.usb: USB bus 4 deregistered
[   68.215457] ehci-platform 11c50100.usb: remove, state 4
[   68.220971] usb usb2: USB disconnect, device number 1
[   68.229129] ehci-platform 11c50100.usb: USB bus 2 deregistered
[   68.235916] ehci-platform 11c70100.usb: remove, state 4
[   68.241363] usb usb1: USB disconnect, device number 1
[   68.254591] ehci-platform 11c70100.usb: USB bus 1 deregistered
[   68.273342] ------------[ cut here ]------------
[   68.277998] WARNING: drivers/regulator/core.c:2657 at _regulator_put.part.0+0x40/0x48, CPU#1: sh/266
[   68.287140] Modules linked in: snd_soc_hdmi_codec spi_rpc_if snd_soc_audio_graph_card snd_soc_simple_card snd_soc_simple_card_utils rzg2l_du_drm vsp1 renesas_usbhs videobuf2_vmalloc videobuf2_dma_contig videobuf2_memops videobuf2_v4l2 snd_soc_wm8978 panfrost snd_soc_rz_ssi drm_shmem_helper snd_soc_core adv7511 videodev gpu_sched snd_compress snd_pcm_dmaengine drm_display_helper videobuf2_common snd_pcm drm_client_lib mc drm_dma_helper rzg2l_mipi_dsi cec rtc_isl1208 snd_timer rcar_fcp renesas_rpc_if rzg2l_adc snd rcar_canfd industrialio_adc soundcore can_dev display_connector spi_rspi drm_kms_helper cfg80211 bluetooth ecdh_generic kpp ecc rfkill drm fuse backlight
[   68.345870] CPU: 1 UID: 0 PID: 266 Comm: sh Not tainted 7.1.0-rc7-next-20260610-00001-gafe09f11d549 #103 PREEMPT 
[   68.356105] Hardware name: Renesas SMARC EVK based on r9a07g044l2 (DT)
[   68.362609] pstate: 80400005 (Nzcv daif +PAN -UAO -TCO -DIT -SSBS BTYPE=--)
[   68.369547] pc : _regulator_put.part.0+0x40/0x48
[   68.374158] lr : regulator_put+0x38/0x50
[   68.378068] sp : ffff800083a2ba90
[   68.381368] x29: ffff800083a2ba90 x28: ffff00000ec5f000 x27: 0000000000000000
[   68.388487] x26: 0000000000000000 x25: 0000000000000000 x24: ffff00000b4b5010
[   68.395605] x23: 0000000000000013 x22: ffff800083a2bb38 x21: ffff00000b4b5010
[   68.402722] x20: ffff8000830fdeb8 x19: ffff00000cca8a80 x18: 0000000000000020
[   68.409838] x17: 2e7465676461672f x16: 6273752e30303030 x15: 65723d315f454c42
[   68.416955] x14: 000000000000002a x13: 0000000000000000 x12: 0000000000000000
[   68.424071] x11: 0000000000000000 x10: ffff800081838810 x9 : 0000000000000000
[   68.431187] x8 : 0101010101010101 x7 : 7f7f7f7f7f7f7f7f x6 : ffff00000ec5f000
[   68.438303] x5 : 000000000000003c x4 : ffff800083a2ba80 x3 : ffff00000b632000
[   68.445419] x2 : ffff00000ec5f000 x1 : 0000000000000001 x0 : ffff00000cca8a80
[   68.452537] Call trace:
[   68.454975]  _regulator_put.part.0+0x40/0x48 (P)
[   68.459581]  regulator_put+0x38/0x50
[   68.463145]  devm_regulator_release+0x14/0x20
[   68.467491]  dr_node_release+0x1c/0x28
[   68.471233]  devres_release_all+0xa0/0x108
[   68.475316]  device_unbind_cleanup+0x2c/0x84
[   68.479574]  device_release_driver_internal+0x1e8/0x224
[   68.484783]  device_links_unbind_consumers+0xd4/0xfc
[   68.489730]  device_release_driver_internal+0xe0/0x224
[   68.494852]  device_driver_detach+0x18/0x24
[   68.499022]  unbind_store+0xb4/0xb8
[   68.502500]  drv_attr_store+0x24/0x38
[   68.506150]  sysfs_kf_write+0x7c/0x94
[   68.509807]  kernfs_fop_write_iter+0x128/0x1b8
[   68.514237]  vfs_write+0x2ac/0x350
[   68.517634]  ksys_write+0x68/0xfc
[   68.520940]  __arm64_sys_write+0x1c/0x28
[   68.524852]  invoke_syscall+0x54/0x110
[   68.528595]  el0_svc_common.constprop.0+0xc0/0xe0
[   68.533286]  do_el0_svc+0x1c/0x28
[   68.536592]  el0_svc+0x30/0x198
[   68.539730]  el0t_64_sync_handler+0xa0/0xe4
[   68.543902]  el0t_64_sync+0x198/0x19c
[   68.547555] ---[ end trace 0000000000000000 ]---
[   70.357273] renesas_usbhs 11c60000.usb: host probed
[   70.362286] renesas_usbhs 11c60000.usb: no transceiver found
[   70.372619] renesas_usbhs 11c60000.usb: gadget probed
[   70.378961] renesas_usbhs 11c60000.usb: probed
[   70.408674] ------------[ cut here ]------------
[   70.413320] WARNING: drivers/regulator/core.c:2657 at _regulator_put.part.0+0x40/0x48, CPU#1: sh/266
[   70.422456] Modules linked in: snd_soc_hdmi_codec spi_rpc_if snd_soc_audio_graph_card snd_soc_simple_card snd_soc_simple_card_utils rzg2l_du_drm vsp1 renesas_usbhs videobuf2_vmalloc videobuf2_dma_contig videobuf2_memops videobuf2_v4l2 snd_soc_wm8978 panfrost snd_soc_rz_ssi drm_shmem_helper snd_soc_core adv7511 videodev gpu_sched snd_compress snd_pcm_dmaengine drm_display_helper videobuf2_common snd_pcm drm_client_lib mc drm_dma_helper rzg2l_mipi_dsi cec rtc_isl1208 snd_timer rcar_fcp renesas_rpc_if rzg2l_adc snd rcar_canfd industrialio_adc soundcore can_dev display_connector spi_rspi drm_kms_helper cfg80211 bluetooth ecdh_generic kpp ecc rfkill drm fuse backlight
[   70.481180] CPU: 1 UID: 0 PID: 266 Comm: sh Tainted: G        W           7.1.0-rc7-next-20260610-00001-gafe09f11d549 #103 PREEMPT 
[   70.492980] Tainted: [W]=WARN
[   70.495943] Hardware name: Renesas SMARC EVK based on r9a07g044l2 (DT)
[   70.502449] pstate: 80400005 (Nzcv daif +PAN -UAO -TCO -DIT -SSBS BTYPE=--)
[   70.509391] pc : _regulator_put.part.0+0x40/0x48
[   70.514004] lr : regulator_put+0x38/0x50
[   70.517920] sp : ffff800083a2ba90
[   70.521225] x29: ffff800083a2ba90 x28: ffff00000ec5f000 x27: 0000000000000000
[   70.528350] x26: 0000000000000000 x25: 0000000000000000 x24: ffff00000b4b5010
[   70.535474] x23: 0000000000000013 x22: ffff800083a2bb38 x21: ffff00000b4b5010
[   70.542596] x20: ffff8000830fdeb8 x19: ffff00000d8c2d80 x18: 0000000000000020
[   70.549719] x17: ffff7ffffba66000 x16: ffff800083170000 x15: 65723d315f454c42
[   70.556847] x14: 0000000000000019 x13: 0000000000000000 x12: 0000000000000000
[   70.563970] x11: 0000000000000000 x10: ffff800081838810 x9 : 0000000000000000
[   70.571091] x8 : 0101010101010101 x7 : 7f7f7f7f7f7f7f7f x6 : ffff00000ec5f000
[   70.578214] x5 : 000000000000003c x4 : ffff800083a2ba80 x3 : ffff00000b632000
[   70.585337] x2 : ffff00000ec5f000 x1 : 0000000000000001 x0 : ffff00000d8c2d80
[   70.592462] Call trace:
[   70.594903]  _regulator_put.part.0+0x40/0x48 (P)
[   70.599523]  regulator_put+0x38/0x50
[   70.603097]  devm_regulator_release+0x14/0x20
[   70.607453]  dr_node_release+0x1c/0x28
[   70.611207]  devres_release_all+0xa0/0x108
[   70.615299]  device_unbind_cleanup+0x2c/0x84
[   70.619565]  device_release_driver_internal+0x1e8/0x224
[   70.624781]  device_links_unbind_consumers+0xd4/0xfc
[   70.629736]  device_release_driver_internal+0xe0/0x224
[   70.634866]  device_driver_detach+0x18/0x24
[   70.639043]  unbind_store+0xb4/0xb8
[   70.642527]  drv_attr_store+0x24/0x38
[   70.646183]  sysfs_kf_write+0x7c/0x94
[   70.649848]  kernfs_fop_write_iter+0x128/0x1b8
[   70.654287]  vfs_write+0x2ac/0x350
[   70.657691]  ksys_write+0x68/0xfc
[   70.661004]  __arm64_sys_write+0x1c/0x28
[   70.664922]  invoke_syscall+0x54/0x110
[   70.668675]  el0_svc_common.constprop.0+0xc0/0xe0
[   70.673376]  do_el0_svc+0x1c/0x28
[   70.676688]  el0_svc+0x30/0x198
[   70.679835]  el0t_64_sync_handler+0xa0/0xe4
[   70.684016]  el0t_64_sync+0x198/0x19c
[   70.687677] ---[ end trace 0000000000000000 ]---

[   72.036068] renesas_usbhs 11c60000.usb: host probed
[   72.041821] renesas_usbhs 11c60000.usb: no transceiver found
[   72.056158] renesas_usbhs 11c60000.usb: gadget probed
[   72.066273] renesas_usbhs 11c60000.usb: probed
^C[   72.101242] ------------[ cut here ]------------
[   72.105892] WARNING: drivers/regulator/core.c:2657 at _regulator_put.part.0+0x40/0x48, CPU#0: sh/266
[   72.115033] Modules linked in: snd_soc_hdmi_codec spi_rpc_if snd_soc_audio_graph_card snd_soc_simple_card snd_soc_simple_card_utils rzg2l_du_drm vsp1 renesas_usbhs videobuf2_vmalloc videobuf2_dma_contig videobuf2_memops videobuf2_v4l2 snd_soc_wm8978 panfrost snd_soc_rz_ssi drm_shmem_helper snd_soc_core adv7511 videodev gpu_sched snd_compress snd_pcm_dmaengine drm_display_helper videobuf2_common snd_pcm drm_client_lib mc drm_dma_helper rzg2l_mipi_dsi cec rtc_isl1208 snd_timer rcar_fcp renesas_rpc_if rzg2l_adc snd rcar_canfd industrialio_adc soundcore can_dev display_connector spi_rspi drm_kms_helper cfg80211 bluetooth ecdh_generic kpp ecc rfkill drm fuse backlight
[   72.173752] CPU: 0 UID: 0 PID: 266 Comm: sh Tainted: G        W           7.1.0-rc7-next-20260610-00001-gafe09f11d549 #103 PREEMPT 
[   72.185548] Tainted: [W]=WARN
[   72.188510] Hardware name: Renesas SMARC EVK based on r9a07g044l2 (DT)
[   72.195017] pstate: 80400005 (Nzcv daif +PAN -UAO -TCO -DIT -SSBS BTYPE=--)
[   72.201958] pc : _regulator_put.part.0+0x40/0x48
[   72.206572] lr : regulator_put+0x38/0x50
[   72.210487] sp : ffff800083a2ba90
[   72.213791] x29: ffff800083a2ba90 x28: ffff00000ec5f000 x27: 0000000000000000
[   72.220916] x26: 0000000000000000 x25: 0000000000000000 x24: ffff00000b4b5010
[   72.228040] x23: 0000000000000013 x22: ffff800083a2bb38 x21: ffff00000b4b5010
[   72.235161] x20: ffff8000830fdeb8 x19: ffff00000da56d80 x18: 0000000000000020
[   72.242282] x17: ffff7ffffba4c000 x16: ffff800083168000 x15: 65723d315f454c42
[   72.249405] x14: 000000000000003e x13: 0000000000000000 x12: 0000000000000000
[   72.256525] x11: 0000000000000000 x10: ffff800081838810 x9 : 0000000000000000
[   72.263644] x8 : 0101010101010101 x7 : 7f7f7f7f7f7f7f7f x6 : ffff00000ec5f000
[   72.270765] x5 : 000000000000003c x4 : ffff800083a2ba80 x3 : ffff00000db81400
[   72.277886] x2 : ffff00000ec5f000 x1 : 0000000000000001 x0 : ffff00000da56d80
[   72.285008] Call trace:
[   72.287451]  _regulator_put.part.0+0x40/0x48 (P)
[   72.292068]  regulator_put+0x38/0x50
[   72.295637]  devm_regulator_release+0x14/0x20
[   72.299995]  dr_node_release+0x1c/0x28
[   72.303750]  devres_release_all+0xa0/0x108
[   72.307840]  device_unbind_cleanup+0x2c/0x84
[   72.312104]  device_release_driver_internal+0x1e8/0x224
[   72.317318]  device_links_unbind_consumers+0xd4/0xfc
[   72.322272]  device_release_driver_internal+0xe0/0x224
[   72.327400]  device_driver_detach+0x18/0x24
[   72.331576]  unbind_store+0xb4/0xb8
[   72.335060]  drv_attr_store+0x24/0x38
[   72.338716]  sysfs_kf_write+0x7c/0x94
[   72.342381]  kernfs_fop_write_iter+0x128/0x1b8
[   72.346819]  vfs_write+0x2ac/0x350
[   72.350222]  ksys_write+0x68/0xfc
[   72.353535]  __arm64_sys_write+0x1c/0x28
[   72.357456]  invoke_syscall+0x54/0x110
[   72.361208]  el0_svc_common.constprop.0+0xc0/0xe0
[   72.365907]  do_el0_svc+0x1c/0x28
[   72.369222]  el0_svc+0x30/0x198
[   72.372371]  el0t_64_sync_handler+0xa0/0xe4
[   72.376550]  el0t_64_sync+0x198/0x19c
[   72.380213] ---[ end trace 0000000000000000 ]---

root@smarc-rzg2l:/sys/bus/platform/drivers/rzg2l_usbphy_ctrl# uname -r
7.1.0-rc7-next-20260610-00001-gafe09f11d549
root@smarc-rzg2l:/sys/bus/platform/drivers/rzg2l_usbphy_ctrl# 
